--------------------------------------------------------------------------------------
Timing Analyzer Summary
--------------------------------------------------------------------------------------

Type           : Worst-case tsu
Slack          : N/A
Required Time  : None
Actual Time    : 9.978 ns
From           : control
To             : CPU:inst5|RON_Block:inst8|lpm_dff0:inst8|lpm_ff:lpm_ff_component|dffs[4]
From Clock     : --
To Clock       : clk
Failed Paths   : 0

Type           : Worst-case tco
Slack          : N/A
Required Time  : None
Actual Time    : 27.099 ns
From           : Cash:inst16|One_Set:inst136|Tag_and_string:inst12|lpm_dff1:inst4|lpm_ff:lpm_ff_component|dffs[1]
To             : CPU_DATA[4]
From Clock     : clk
To Clock       : --
Failed Paths   : 0

Type           : Worst-case tpd
Slack          : N/A
Required Time  : None
Actual Time    : 20.900 ns
From           : READ_FROM_CASH
To             : CPU_DATA[9]
From Clock     : --
To Clock       : --
Failed Paths   : 0

Type           : Worst-case th
Slack          : N/A
Required Time  : None
Actual Time    : 8.521 ns
From           : control
To             : Cash:inst16|One_Set:inst131|Tag_and_string:inst|lpm_dff1:inst4|lpm_ff:lpm_ff_component|dffs[0]
From Clock     : --
To Clock       : clk
Failed Paths   : 0

Type           : Clock Setup: 'clk'
Slack          : N/A
Required Time  : None
Actual Time    : 41.05 MHz ( period = 24.360 ns )
From           : Cash:inst16|One_Set:inst131|Tag_and_string:inst|lpm_dff1:inst4|lpm_ff:lpm_ff_component|dffs[1]
To             : Cash:inst16|lpm_dff3:inst73|lpm_ff:lpm_ff_component|dffs[0]
From Clock     : clk
To Clock       : clk
Failed Paths   : 0

Type           : Clock Setup: 'control'
Slack          : N/A
Required Time  : None
Actual Time    : 103.40 MHz ( period = 9.671 ns )
From           : Cash:inst16|One_Set:inst131|Tag_and_string:inst|lpm_dff1:inst4|lpm_ff:lpm_ff_component|dffs[1]
To             : Cash:inst16|One_Set:inst138|lpm_dff3:inst14|lpm_ff:lpm_ff_component|dffs[0]
From Clock     : control
To Clock       : control
Failed Paths   : 0

Type           : Clock Setup: 'READ_FROM_CASH'
Slack          : N/A
Required Time  : None
Actual Time    : 106.34 MHz ( period = 9.404 ns )
From           : Cash:inst16|One_Set:inst138|Tag_and_string:inst12|lpm_dff1:inst4|lpm_ff:lpm_ff_component|dffs[2]
To             : Cash:inst16|One_Set:inst135|lpm_dff3:inst14|lpm_ff:lpm_ff_component|dffs[0]
From Clock     : READ_FROM_CASH
To Clock       : READ_FROM_CASH
Failed Paths   : 0

Type           : Clock Hold: 'clk'
Slack          : Not operational: Clock Skew > Data Delay
Required Time  : None
Actual Time    : N/A
From           : CPU:inst5|Command_decoder:inst21|lpm_dff0:inst2|lpm_ff:lpm_ff_component|dffs[6]
To             : Cash:inst16|One_Set:inst131|Tag_and_string:inst|lpm_dff1:inst4|lpm_ff:lpm_ff_component|dffs[0]
From Clock     : clk
To Clock       : clk
Failed Paths   : 10000

Type           : Clock Hold: 'control'
Slack          : Not operational: Clock Skew > Data Delay
Required Time  : None
Actual Time    : N/A
From           : Cash:inst16|One_Set:inst138|lpm_dff3:inst2|lpm_ff:lpm_ff_component|dffs[0]
To             : Cash:inst16|One_Set:inst138|lpm_dff3:inst2|lpm_ff:lpm_ff_component|dffs[0]
From Clock     : control
To Clock       : control
Failed Paths   : 40

Type           : Total number of failed paths
Slack          : 
Required Time  : 
Actual Time    : 
From           : 
To             : 
From Clock     : 
To Clock       : 
Failed Paths   : 10040

--------------------------------------------------------------------------------------

